#
# An unexpected error has occurred (6) Aborted
#
Stack:
/lib/x86_64-linux-gnu/libc.so.6(+0x45330) [0x7a1466e45330]
/lib/x86_64-linux-gnu/libc.so.6(pthread_kill+0x11c) [0x7a1466e9eb2c]
/lib/x86_64-linux-gnu/libc.so.6(gsignal+0x1e) [0x7a1466e4527e]
/lib/x86_64-linux-gnu/libc.so.6(abort+0xdf) [0x7a1466e288ff]
/home/casper/Software/Vivado/2025.2/2025.2/Vivado/lib/lnx64.o/Ubuntu/24/libstdc++.so.6(+0xa5ff5) [0x7a14676a5ff5]
/home/casper/Software/Vivado/2025.2/2025.2/Vivado/lib/lnx64.o/Ubuntu/24/libstdc++.so.6(+0xbb0da) [0x7a14676bb0da]
/home/casper/Software/Vivado/2025.2/2025.2/Vivado/lib/lnx64.o/Ubuntu/24/libstdc++.so.6(_ZSt10unexpectedv+0) [0x7a14676a5a55]
/home/casper/Software/Vivado/2025.2/2025.2/Vivado/lib/lnx64.o/libxv_common.so(hdi::tcltasks::detail::collection_wrapper_base::~collection_wrapper_base()+0x27f) [0x7a14723ff6f5]
/home/casper/Software/Vivado/2025.2/2025.2/Vivado/lib/lnx64.o/libxv_common.so(+0x7118d5) [0x7a14725118d5]
/home/casper/Software/Vivado/2025.2/2025.2/Vivado/lib/lnx64.o/libxv_common.so(hdi::tcltasks::detail::collection_wrapper_base::decr_ref() const+0x27) [0x7a14723fc7db]
/home/casper/Software/Vivado/2025.2/2025.2/Vivado/lib/lnx64.o/libxv_tcltasks.so(+0x1109c78) [0x7a1460509c78]
/home/casper/Software/Vivado/2025.2/2025.2/Vivado/lib/lnx64.o/libxv_tcltasks.so(+0x1104212) [0x7a1460504212]
/home/casper/Software/Vivado/2025.2/2025.2/Vivado/lib/lnx64.o/libxv_tcltasks.so(+0x1104261) [0x7a1460504261]
/home/casper/Software/Vivado/2025.2/2025.2/Vivado/lib/lnx64.o/libboost_program_options.so.1.72.0(boost::program_options::option_description::~option_description()+0xd1) [0x7a14730c3be1]
/home/casper/Software/Vivado/2025.2/2025.2/Vivado/lib/lnx64.o/libboost_program_options.so.1.72.0(boost::program_options::option_description::~option_description()+0x11) [0x7a14730c3c31]
/home/casper/Software/Vivado/2025.2/2025.2/Vivado/lib/lnx64.o/libxv_common.so(boost::detail::sp_counted_impl_p<boost::program_options::option_description>::dispose()+0x13) [0x7a14726f3d3b]
/home/casper/Software/Vivado/2025.2/2025.2/Vivado/lib/lnx64.o/libxv_common.so(+0x42fc24) [0x7a147222fc24]
/home/casper/Software/Vivado/2025.2/2025.2/Vivado/lib/lnx64.o/libxv_common.so(hdi::tcltasks::options_description::~options_description()+0xe1) [0x7a14727a9bb3]
/lib/x86_64-linux-gnu/libc.so.6(+0x47a76) [0x7a1466e47a76]
/lib/x86_64-linux-gnu/libc.so.6(+0x47bbe) [0x7a1466e47bbe]
/home/casper/Software/Vivado/2025.2/2025.2/Vivado/lib/lnx64.o/libxv_dsp.so(+0x61e6e) [0x7a146a78fe6e]
/home/casper/Software/Vivado/2025.2/2025.2/Vivado/lib/lnx64.o/libboost_thread.so.1.72.0(+0x15629) [0x7a1473014629]
/lib/x86_64-linux-gnu/libc.so.6(+0x9caa4) [0x7a1466e9caa4]
/lib/x86_64-linux-gnu/libc.so.6(+0x129c6c) [0x7a1466f29c6c]
